../Core/Src/main.c:35:5:main	8	static
../Core/Src/main.c:66:6:SystemClock_Config	88	static
../Core/Src/main.c:118:13:MX_GPIO_Init	32	static
../Core/Src/main.c:133:13:MX_TIM1_Init	32	static
../Core/Src/main.c:174:6:blink_led	40	static
../Core/Src/main.c:192:9:init_DHT11	8	static
../Core/Src/main.c:219:6:set_gpio_input	40	static
../Core/Src/main.c:229:6:set_gpio_output	40	static
../Core/Src/main.c:239:5:dht11_is_ready	4	static
../Core/Src/main.c:249:9:read_dht11	16	static
../Core/Src/main.c:278:6:delay_us	16	static
../Core/Src/main.c:284:6:Error_Handler	4	static,ignoring_inline_asm
